// Jest Snapshot v1, https://goo.gl/fbAQLP

exports[`test for TaskList Component renders correctly 1`] = `
<View
  style={
    Object {
      "flex": 1,
    }
  }
>
  <RCTScrollView
    ListEmptyComponent={[Function]}
    getItem={[Function]}
    getItemCount={[Function]}
    keyExtractor={[Function]}
    onContentSizeChange={[Function]}
    onLayout={[Function]}
    onMomentumScrollBegin={[Function]}
    onMomentumScrollEnd={[Function]}
    onScroll={[Function]}
    onScrollBeginDrag={[Function]}
    onScrollEndDrag={[Function]}
    removeClippedSubviews={false}
    renderItem={[Function]}
    scrollEventThrottle={50}
    stickyHeaderIndices={Array []}
    viewabilityConfigCallbackPairs={Array []}
  >
    <View>
      <View
        style={
          Object {
            "alignItems": "center",
          }
        }
      >
        <Text
          style={
            Object {
              "backgroundColor": "#E5E5E5",
            }
          }
        >
          No hay tareas que mostrar.
        </Text>
      </View>
    </View>
  </RCTScrollView>
</View>
`;
